===== 2026-03-12T17:54:02Z =====
loadavg: 0.09 0.16 0.19 2/1291 89602
cpu_pct: user=4.4 system=0.2 idle=95.4 iowait=0.0
meminfo_kb:
MemTotal:       195424088 kB
MemFree:        118188540 kB
MemAvailable:   190814740 kB
Active(anon):       3000 kB
Inactive(anon):  1265564 kB
SwapTotal:             0 kB
SwapFree:              0 kB
AnonPages:       1289228 kB
CommitLimit:    97712044 kB
Committed_AS:    7477000 kB
pressure:
cpu some avg10=0.12 avg60=0.02 avg300=0.00 total=49519994
cpu full avg10=0.00 avg60=0.00 avg300=0.00 total=0
memory some avg10=0.00 avg60=0.00 avg300=0.00 total=526156
memory full avg10=0.00 avg60=0.00 avg300=0.00 total=525451
io some avg10=0.00 avg60=0.00 avg300=0.00 total=37239285
io full avg10=0.00 avg60=0.00 avg300=0.00 total=36880185
root_status:
Name:	time
State:	S (sleeping)
PPid:	89471
VmHWM:	    1064 kB
VmRSS:	    1064 kB
Threads:	1
process_tree:
PID PPID RSS_KB %CPU STAT COMMAND
  89568   89486 46416 93.5 R+   vvp
  89486   89484  3944  0.0 S+   bash
  89484   89471  1064  0.0 S+   time
  89569   89486  1008  0.0 S+   tee
descendant_total_rss_kb: 52432

